2_Cloud$Recognition_1_Basic$Recognition$On-Click
2_Cloud$Recognition_2_Continuous$Recognition$Vs$On-Click
2_Cloud$Recognition_3_Using$Metainformation$In$The$Response
3_3d$Models_1_3d$Model$On$Target
3_3d$Models_2_Appearing$Animation
3_3d$Models_3_Interactivity
3_3d$Models_4_Snap$To$Screen
3_3d$Models_5_Animated$Model$Parts
3_3d$Models_6_3d$Model$At$Geo$Location
7_Video_1_Simple$Video
7_Video_2_Playback$States
7_Video_3_Snapping$Video
7_Video_4_Bonus-Transparent$Video
9_Plugins$API_1_QR&Barcode
9_Plugins$API_2_Face$Detection
9_Plugins$API_3_Custom$Camera
9_Plugins$API_4_Marker$Tracking
x_Demo_1_2d$Tracking$And$Geo
x_Demo_3_Solar$System(2d$Tracking)
3_3d$Models_6_3d$Model$At$Geo$Location
4_Point$Of$Interest_1_Poi$At$Location
4_Point$Of$Interest_2_Poi$With$Label
4_Point$Of$Interest_3_Multiple$Pois
4_Point$Of$Interest_4_Selecting$Pois
5_Obtain$Poi$Data_1_From$Application$Model
5_Obtain$Poi$Data_2_From$Local$Resource
5_Obtain$Poi$Data_3_From$Webservice
6_Browsing$Pois_1_Presenting$Details
6_Browsing$Pois_2_Adding$Radar
6_Browsing$Pois_3_Limiting$Range
6_Browsing$Pois_4_Reloading$Content
6_Browsing$Pois_5_Native$Detail$Screen
6_Browsing$Pois_6_Bonus-Capture$Screen
8_Hardware$Control_1_Front$Camera
8_Hardware$Control_2_Camera$Switching
8_Hardware$Control_3_Advanced$Features
x_Demo_1_2d$Tracking$And$Geo
x_Demo_2_Solar$System(Geo)
